=== Phase 1 自检：力守恒 + 亚格点不变性 ===
  R = (64.0, 32.0, 16.0)   |err| = 1.332e-15 / 4.441e-16 / 1.776e-15   PASS
      sum_phi = 170.303632 / 170.303632 / 170.303632   离散度 0.000%   PASS
  R = (64.3, 32.7, 16.5)   |err| = 1.332e-15 / 2.665e-15 / 4.441e-16   PASS
      sum_phi = 170.306086 / 170.306086 / 170.306046   离散度 0.000%   PASS
  R = (64.5, 32.5, 16.5)   |err| = 0.000e+00 / 8.882e-16 / 6.217e-15   PASS
      sum_phi = 170.306695 / 170.306695 / 170.306695   离散度 0.000%   PASS
  交错混叠  Σφ² 三方向散布 = 9.185e-05   PASS
  系统误差下限  M_i 亚格点散布 = 0.0348%   PASS
全部通过

=== Phase 1 自检：多粒子重叠（N=2）===
  间距 4.0 (重叠)   力守恒 |err| = 4.441e-15   V 偏差 = 0.000e+00   eta_max = 90.51   PASS
  间距 6.4 (刚接触)   力守恒 |err| = 3.553e-15   V 偏差 = 0.000e+00   eta_max = 49.95   PASS
  间距 20.0 (分离)   力守恒 |err| = 5.329e-15   V 偏差 = 0.000e+00   eta_max = 49.85   PASS
全部通过

=== J5 端到端力链路 + GPU 力确定性 ===
  GPU vs CPU 对照   max 相对差 = 0.000e+00   PASS
  GPU 算两次逐位   PASS
  力守恒 Σf == ΣF  (bg=0)   |err| = 1.688e-14   PASS
  力守恒 Σf == 0  (bg 补偿)  |err| = 3.697e-14   PASS
全部通过
