=== z 向无滑移壁面判据（需 GPU）===

[W1/W2] 壁面模式下的 ∇·v 与法向速度钉死
      16x16x16  20 步后 max|div v| = 4.4409e-16   max|v| = 1.3094e+00   比值 = 3.391e-16
  W1 壁面：max|div v|/max|v| < 1e-12（含 k=0 与 k=Nz-1 两层） PASS
      上壁层的 max|vz| = 0.0000e+00
  W2 壁面：vz[:,:,Nz-1] 逐位为 0                       PASS

[W3] 平面 Poiseuille：与【精确离散】闭式的对照
      Nz=16  与离散闭式的 max 相对差 = 0.000e+00
  W3 壁面：稳态与离散闭式 vx[k] = (g/2η)[(Nz²+1)/4 − (k−(Nz−1)/2)²] 一致 PASS
      （参考）离散闭式与连续抛物线的相对差 = 3.906e-03 ≈ 1/(2Nz²) = 1.953e-03

[W4] 壁面截断下的力守恒与粒子速度（含贴壁与 N=2 重叠）
      远离壁 Rz=16.5                  |err| = 8.882e-16 / 3.109e-15 / 8.882e-16  PASS
                                         sum_phi = 170.3061 / 170.3061 / 170.3060   z/x = 1.000000
                                         均匀流场 max|V_i - 期望| = 0.000e+00  PASS
      贴下壁 Rz=4.0（支撑域被截断） |err| = 8.882e-16 / 4.441e-16 / 4.441e-16  PASS
                                         sum_phi = 169.7585 / 169.7585 / 168.9623   z/x = 0.995309
                                         均匀流场 max|V_i - 期望| = 0.000e+00  PASS
      贴上壁 Rz=27.0（= 31-4，下壁的离散镜像） |err| = 6.661e-16 / 4.441e-16 / 8.882e-16  PASS
                                         sum_phi = 169.7585 / 169.7585 / 168.9623   z/x = 0.995309
                                         均匀流场 max|V_i - 期望| = 0.000e+00  PASS
      N=2 重叠（间距 6）+ 靠近下壁 |err| = 1.332e-15 / 1.776e-15 / 0.000e+00  PASS
                                         sum_phi = 170.2228 / 170.2228 / 170.0878   z/x = 0.999207
                                         均匀流场 max|V_i - 期望| = 0.000e+00  PASS
      上下对称：|z/x(下) - z/x(上)| = 0.000e+00   (0.995309 vs 0.995309)  PASS

[W6] z 向动量收支恒等式
      第 1 步：lhs = -1.375195e+04  F_z = -2.688000e+03  ΔP̄ = 1.106216e+04  ΔZ̄ = 1.791046e+00  rhs = -1.375195e+04  |lhs-rhs| = 1.819e-12
      10 步中 max||lhs-rhs| / (|F_z|+|ΔP̄|+|ΔZ̄|)| = 1.2826e-15   （各项量级 1.375e+04）
  W6 壁面：z 向动量收支恒等式逐步成立         PASS

[W8] 粒子-壁面排斥势
      WCA shift=energy   扫描 z∈[3, 4.85]  max 相对差 = 2.728e-10   |F| 跨 2.1e+00 → 1.2e+12
  W8a 壁面力 = -dU_wall/dz 四阶差分对照（力跨 ≥2 量级） PASS
      Morse shift=force  扫描 z∈[3, 4.85]  max 相对差 = 2.724e-10   |F| 跨 1.4e-03 → 2.2e+03
  W8a 壁面力 = -dU_wall/dz 四阶差分对照（力跨 ≥2 量级） PASS
      LJ126 shift=force  扫描 z∈[3, 4.85]  max 相对差 = 2.735e-10   |F| 跨 2.7e+00 → 1.2e+12
  W8a 壁面力 = -dU_wall/dz 四阶差分对照（力跨 ≥2 量级） PASS
  W8a wallpotential=none 时 F_z 逐位为 0（所有 z）   PASS
      整数/半整数镜像：|F_z(z) + F_z(Nz-1-z)| = 0.000e+00（逐位）
      亚格点镜像 z=3.75：相对差 = 0.000e+00（(z+0.5) 与 ((Nz-0.5)-z) 差 1 ulp）
  W8b 上下壁镜像逐位反对称（整数/半整数位置） PASS
  W8b 上下壁镜像反对称（亚格点，容 1e-14）    PASS
      体相 z∈[4.9449, 26.0551]（rcut=2.2449）
  W8c 体相内壁面力逐位为 0（不污染远离壁面的物理） PASS
  W8c 恰好超出截断的外侧逐位为 0                 PASS
      z_rest = 4.718924（间隙 2.018924）   F_total(z_rest) = 7.283e-14
  W8d 平衡点处 重力 + 壁面力 = 0（独立二分解出的 z_rest） PASS
      z_rest-0.05: F_total = +6.0285   z_rest+0.05: F_total = -4.0165
  W8d 平衡点是【吸引子】（下方被推回、上方被压下） PASS
  W8d 判据非空：偏离 0.2 的残差比平衡点残差大 >100 倍 PASS
      半间隙处排斥力 = 1.725e+05   重力 = 10.0   倍数 = 1.7e+04
  W8d 刚度余量：半间隙处排斥 > 100×重力（不会被压穿） PASS
      下壁平衡点 z=4.7189  F_z = +7.283e-14
      体相       z=15.5000  F_z = -1.000e+01
      上壁平衡点 z=26.2811  F_z = -2.000e+01
      GPU vs CPU 装配 max 相对差 = 0.000e+00
  W8e GPU 与 CPU 装配在壁面开启时一致             PASS
  W8e 下壁平衡点上的总力 = 0（壁面力精确抵消重力） PASS
  W8e 上壁镜像处壁面力反对称 ⇒ 总力 = 2·g_z（上壁无平衡点，符合物理） PASS
  W8e 体相粒子只受外场（壁面力逐位为 0）     PASS

[W5'a] FDT 矩阵恒等式 P = M Mᵀ + B Bᵀ/kT（结构判据：幂等性 + dt^p 衰减）
      壁面 4x4x4           dt=0.02    nv=176 nn=432  trS =  114.2971  dim = 113   (trS-dim)/dim = +1.1479e-02   ||S²-S||/dim = 1.12e-04
      壁面 4x4x4           dt=0.01    nv=176 nn=432  trS =  113.1272  dim = 113   (trS-dim)/dim = +1.1254e-03   ||S²-S||/dim = 6.88e-05
      壁面 4x4x4           dt=0.005   nv=176 nn=432  trS =  112.9332  dim = 113   (trS-dim)/dim = +5.9077e-04   ||S²-S||/dim = 4.14e-05
      → 壁面  |r| = 0.01148 / 0.001125 / 0.0005908（dt 递减）  幂次 p ≈ 2.14   最小 dt 处 |r| = 5.91e-04
  W5'a FDT 矩阵残差随 dt 单调下降，最小 dt 处 < 2e-3（dt→0 归零） PASS

[W5b] 壁面能量均分 + γ≡1 对照（√2 的判决性判据）
      壁面 γ=2 dt=0.002   n=2935  b=16    <Σ|v|²>/(kT·dim) = 0.9750 ± 0.0029  (8.5σ)
      壁面 γ≡1 dt=0.002   n=2935  b=16    <Σ|v|²>/(kT·dim) = 0.9427 ± 0.0028  (20.6σ)
      γ=2 与 γ=1 之差 = +0.0323 ± 0.0040  (8.0σ)；γ=2 更接近 1：是
  W5 对照：γ=2 与 γ=1 显著可分且 γ=2 更接近 1（√2 被数据选中） PASS

全部通过
