=== 势函数自检（纯 CPU，无卡可跑）===
  J1 力=-dU/dr 四阶差分对照 (max 相对差 < 1e-7) PASS
      max 相对差 = 2.341e-12   符号变号 = 是（覆盖到吸引/排斥两侧）
  J1 力=-dU/dr 四阶差分对照 (max 相对差 < 1e-7) PASS
      max 相对差 = 6.149e-12   符号变号 = 是（覆盖到吸引/排斥两侧）
  J1 力=-dU/dr 四阶差分对照 (max 相对差 < 1e-7) PASS
      max 相对差 = 1.123e-11   符号变号 = 是（覆盖到吸引/排斥两侧）
  J2 WCA 黄金表对照                               PASS
      max 相对差 = 1.110e-16   (阈值 1e-12)
  J2 LJ126 黄金表对照                             PASS
      max 相对差 = 8.181e-16   (阈值 1e-12)
  J2 Morse 黄金表对照                             PASS
      max 相对差 = 1.877e-16   (阈值 1e-12)
  J3 最小镜像 vs 5 镜像暴力枚举（1000 对，容差 1e-12*L） PASS
  J4 N=3 等边三角形解析对照（|F_n| 相等且 ΣF=0） PASS
      |F_1|=1.472552e+02  |F_2|=1.472552e+02  |F_3|=1.472552e+02   期望 1.472552e+02
      ΣF = (0.00e+00, 0.00e+00, 0.00e+00)
  J6 Morse: F(r_eq) = 0                                PASS
      U(r_eq) = -49.94996738 (期望 ≈ -49.95，能量移位后)
  J6 WCA: U(rcut) = 0                                  PASS
  J6 WCA: F(rcut) → 0                                PASS
  J6 POT_NONE: F 逐位等于外场，U ≡ 0          PASS
  J6 标号交换对称性（逐位）                 PASS
  ΣF = 0（CPU 参考，N=8）                        PASS
      |ΣF| = 4.019e-14   阈值 3.458e-08

全部通过
