从 out/sed_init.fpd 载入（step=0，N=95，rng_draws=0）
势: wca   shift=energy   rcut=6.40005
壁面势: wca   shift=energy   rcut=2.24492   a=3.2（自变量是表面间隙 h = z_壁 - a）
外场: (0, 0, -10)   背景补偿 = 0（壁面即动量汇）
开始模拟：128x64x32  N=95  dt=0.002  kT=0.25  W=15.8114  a=3.2  eta_c/eta_l=50  步数 0 -> 200000
step         0   R = (52.7028, 39.7910, 18.1729)   0.0 步/秒
step     10000   R = (52.8400, 39.7566, 17.8822)   116.2 步/秒
step     20000   R = (52.9634, 40.0285, 17.7213)   116.0 步/秒
step     30000   R = (53.0840, 39.7873, 17.4785)   116.0 步/秒
step     40000   R = (53.1095, 39.7434, 17.3881)   115.9 步/秒
step     50000   R = (53.0309, 39.5831, 17.1344)   115.9 步/秒
step     60000   R = (53.1099, 39.2002, 16.7335)   115.9 步/秒
step     70000   R = (53.4407, 39.2040, 16.4570)   115.9 步/秒
step     80000   R = (53.4341, 39.4913, 16.1047)   115.9 步/秒
step     90000   R = (53.5947, 39.4582, 15.8307)   115.9 步/秒
step    100000   R = (53.6837, 39.3276, 15.5665)   115.9 步/秒
step    110000   R = (53.8741, 39.6740, 15.1463)   115.9 步/秒
step    120000   R = (54.3232, 39.6309, 14.6752)   115.9 步/秒
step    130000   R = (54.6067, 39.6500, 14.2891)   115.9 步/秒
step    140000   R = (54.7468, 39.8857, 14.0450)   115.9 步/秒
step    150000   R = (55.0359, 40.1050, 13.7487)   115.9 步/秒
step    160000   R = (55.5858, 40.1323, 13.2204)   115.9 步/秒
step    170000   R = (55.9519, 40.2106, 12.6396)   115.9 步/秒
step    180000   R = (55.9828, 40.0390, 12.3761)   115.9 步/秒
step    190000   R = (55.9946, 39.8757, 12.2168)   115.9 步/秒
完成
