未指定 init_file，使用内置默认（单粒子放盒心）
壁面势: wca   shift=energy   rcut=2.24492   a=3.2（自变量是表面间隙 h = z_壁 - a）
外场: (0, 0, -10)   背景补偿 = 0（壁面即动量汇）
开始模拟：32x32x32  N=1  dt=0.002  kT=0.25  W=15.8114  a=3.2  eta_c/eta_l=50  步数 0 -> 200000
step         0   R = (16.3000, 16.7000, 16.5000)   0.0 步/秒
step     10000   R = (16.5249, 16.4933, 15.6568)   988.7 步/秒
step     20000   R = (16.4043, 16.0456, 14.7297)   988.6 步/秒
step     30000   R = (16.5861, 16.0117, 13.4146)   989.2 步/秒
step     40000   R = (16.2682, 15.9681, 12.2306)   989.0 步/秒
step     50000   R = (16.3057, 15.9645, 10.7589)   989.1 步/秒
step     60000   R = (16.2765, 16.0260, 9.3399)   989.1 步/秒
step     70000   R = (16.2648, 16.0903, 8.5140)   989.2 步/秒
step     80000   R = (16.2684, 16.3807, 7.6897)   989.0 步/秒
step     90000   R = (16.6979, 16.2577, 6.7413)   795.1 步/秒
step    100000   R = (16.8674, 16.3904, 5.9221)   636.2 步/秒
step    110000   R = (16.7584, 16.4672, 5.3581)   546.7 步/秒
step    120000   R = (16.8350, 16.8196, 4.8529)   489.4 步/秒
step    130000   R = (17.1601, 17.0901, 4.6878)   449.5 步/秒
step    140000   R = (17.0609, 17.0314, 4.7390)   420.2 步/秒
step    150000   R = (17.0711, 16.7047, 4.6747)   397.7 步/秒
step    160000   R = (17.0931, 16.9246, 4.6312)   379.9 步/秒
step    170000   R = (17.0039, 16.6169, 4.7317)   365.5 步/秒
step    180000   R = (17.0537, 16.4361, 4.7122)   353.6 步/秒
step    190000   R = (17.2803, 16.6454, 4.6825)   343.5 步/秒
完成
