=== 沉降统计（41 个检查点，N=95）===
       step        t        <Vz>      Vz_std        z_cm     z_min     z_max   min_gap
          0      0.0     0.00000     0.00000     15.7063    7.6821   23.4633   4.83674
       5000     10.0    -0.02116     0.02226     15.5558    7.5898   23.1669   4.88976
      10000     20.0    -0.02635     0.02504     15.3318    7.2042   23.0567   4.50423
      15000     30.0    -0.02325     0.02538     15.0956    6.8761   22.9012   4.17611
      20000     40.0    -0.02515     0.02492     14.8545    6.5322   22.6834   3.83221
      25000     50.0    -0.02344     0.02430     14.6153    6.1718   22.4492   3.47183
      30000     60.0    -0.02262     0.02419     14.3711    5.8735   22.2140   3.17353
      35000     70.0    -0.02082     0.02492     14.1325    5.5985   21.8124   2.89852
      40000     80.0    -0.02508     0.02774     13.9024    5.4174   21.6518   2.71736
      45000     90.0    -0.02243     0.02810     13.6730    5.1944   21.4659   2.49439
      50000    100.0    -0.02106     0.02742     13.4607    4.9457   21.4682   2.24569
      55000    110.0    -0.02086     0.02638     13.2397    4.7287   21.2846   2.02869
      60000    120.0    -0.02336     0.02794     13.0150    4.6956   21.2135   1.99563
      65000    130.0    -0.02065     0.02485     12.7905    4.7471   21.1912   2.04714
      70000    140.0    -0.01903     0.02505     12.5853    4.6636   21.2616   1.96363
      75000    150.0    -0.01942     0.02861     12.3716    4.6511   21.2605   1.95115
      80000    160.0    -0.01696     0.02602     12.1709    4.6703   21.1154   1.97027
      85000    170.0    -0.01813     0.02290     11.9941    4.6671   20.8463   1.96714
      90000    180.0    -0.01834     0.02480     11.8066    4.6356   20.5658   1.93563
      95000    190.0    -0.01733     0.02817     11.6206    4.6474   20.3879   1.94740
     100000    200.0    -0.01851     0.02857     11.4432    4.6545   20.2759   1.95447  *
     105000    210.0    -0.01937     0.02903     11.2655    4.6408   20.0006   1.94084  *
     110000    220.0    -0.01496     0.02592     11.0986    4.6644   19.7817   1.96435  *
     115000    230.0    -0.01243     0.02282     10.9173    4.6167   19.4749   1.91667  *
     120000    240.0    -0.01304     0.02538     10.7590    4.6635   19.2116   1.96347  *
     125000    250.0    -0.01663     0.02810     10.6026    4.6477   19.0020   1.94770  *
     130000    260.0    -0.01297     0.02619     10.4273    4.6093   18.9654   1.90932  *
     135000    270.0    -0.01430     0.02519     10.2821    4.5866   18.8124   1.88663  *
     140000    280.0    -0.01606     0.02577     10.1425    4.6226   18.6480   1.92263  *
     145000    290.0    -0.01704     0.02587      9.9991    4.6225   18.2369   1.92250  *
     150000    300.0    -0.01281     0.02370      9.8655    4.6486   18.1691   1.94856  *
     155000    310.0    -0.01356     0.02740      9.7263    4.6217   17.9441   1.92166  *
     160000    320.0    -0.01527     0.02464      9.5885    4.6584   17.8287   1.95844  *
     165000    330.0    -0.01219     0.02628      9.4542    4.6165   17.6708   1.91652  *
     170000    340.0    -0.01087     0.02512      9.3310    4.5935   17.4024   1.89354  *
     175000    350.0    -0.00928     0.02475      9.2177    4.6384   17.2132   1.93844  *
     180000    360.0    -0.01503     0.02517      9.1034    4.6572   16.9664   1.95718  *
     185000    370.0    -0.00877     0.02799      8.9837    4.6433   16.8331   1.94328  *
     190000    380.0    -0.01524     0.02638      8.8782    4.6312   16.5940   1.93116  *
     195000    390.0    -0.01085     0.02399      8.7720    4.6246   16.2362   1.92461  *
     200000    400.0    -0.00951     0.02445      8.6563    4.6215   16.0144   1.92151  *
  （* = 参与统计窗口 step ∈ [100000, 200000]）

  采样间隔 = 10.0000 物理时间单位（21 个样本，步长 0.002）
  分块平均（平台是否存在要肉眼判，不是公式判）
     b      n_b        均值          标准误      tau_int(采样数)
       1       21  -1.374677e-02    6.4035e-04        0.50
       2       10  -1.395885e-02    7.6919e-04        0.72
       4        5  -1.395885e-02    8.0300e-04        0.79
  ** 找不到平台：误差棒不可信，必须延长模拟。不许降标准接受此结果 **
  *** 未找到分块平台 → 误差棒不可信，必须延长模拟（按设计拒绝背书）***

  φ(z) 剖面（按粒子中心计数；两个约定都给）
    z 区间           计数 φ(解析球) φ(扩散)
    [   3.50,    5.50)    573     4.8004     5.9570
    [   5.50,    7.50)    138     1.1561     1.4347
    [   7.50,    9.50)    158     1.3237     1.6426
    [   9.50,   11.50)    323     2.7060     3.3580
    [  11.50,   13.50)    347     2.9070     3.6075
    [  13.50,   15.50)    275     2.3038     2.8590
    [  15.50,   17.50)    126     1.0556     1.3099
    [  17.50,   19.50)     52     0.4356     0.5406
    [  19.50,   21.50)      3     0.0251     0.0312

  全程最小壁面间隙 = 1.88663   壁面势托住了
