=== z 向无滑移壁面判据（需 GPU）===

[W1/W2] 壁面模式下的 ∇·v 与法向速度钉死
      16x16x16  20 步后 max|div v| = 4.4409e-16   max|v| = 1.3094e+00   比值 = 3.391e-16
  W1 壁面：max|div v|/max|v| < 1e-12（含 k=0 与 k=Nz-1 两层） PASS
      上壁层的 max|vz| = 0.0000e+00
  W2 壁面：vz[:,:,Nz-1] 逐位为 0                       PASS

[W3] 平面 Poiseuille：与【精确离散】闭式的对照
      Nz=16  与离散闭式的 max 相对差 = 0.000e+00
  W3 壁面：稳态与离散闭式 vx[k] = (g/2η)[(Nz²+1)/4 − (k−(Nz−1)/2)²] 一致 PASS
      （参考）离散闭式与连续抛物线的相对差 = 3.906e-03 ≈ 1/(2Nz²) = 1.953e-03

[W4] 壁面截断下的力守恒与粒子速度（含贴壁与 N=2 重叠）
      远离壁 Rz=16.5                  |err| = 8.882e-16 / 3.109e-15 / 8.882e-16  PASS
                                         sum_phi = 170.3061 / 170.3061 / 170.3060   z/x = 1.000000
                                         均匀流场 max|V_i - 期望| = 0.000e+00  PASS
      贴下壁 Rz=4.0（支撑域被截断） |err| = 8.882e-16 / 4.441e-16 / 4.441e-16  PASS
                                         sum_phi = 169.7585 / 169.7585 / 168.9623   z/x = 0.995309
                                         均匀流场 max|V_i - 期望| = 0.000e+00  PASS
      贴上壁 Rz=27.0（= 31-4，下壁的离散镜像） |err| = 6.661e-16 / 4.441e-16 / 8.882e-16  PASS
                                         sum_phi = 169.7585 / 169.7585 / 168.9623   z/x = 0.995309
                                         均匀流场 max|V_i - 期望| = 0.000e+00  PASS
      N=2 重叠（间距 6）+ 靠近下壁 |err| = 1.332e-15 / 1.776e-15 / 0.000e+00  PASS
                                         sum_phi = 170.2228 / 170.2228 / 170.0878   z/x = 0.999207
                                         均匀流场 max|V_i - 期望| = 0.000e+00  PASS
      上下对称：|z/x(下) - z/x(上)| = 0.000e+00   (0.995309 vs 0.995309)  PASS

[W6] z 向动量收支恒等式
      第 1 步：lhs = -1.375195e+04  F_z = -2.688000e+03  ΔP̄ = 1.106216e+04  ΔZ̄ = 1.791046e+00  rhs = -1.375195e+04  |lhs-rhs| = 1.819e-12
      10 步中 max||lhs-rhs| / (|F_z|+|ΔP̄|+|ΔZ̄|)| = 1.2826e-15   （各项量级 1.375e+04）
  W6 壁面：z 向动量收支恒等式逐步成立         PASS

[W5'a] FDT 矩阵恒等式 P = M Mᵀ + B Bᵀ/kT（结构判据：幂等性 + dt^p 衰减）
      周期   4x4x4         dt=0.02    nv=192 nn=384  trS =  131.1504  dim = 129   (trS-dim)/dim = +1.6670e-02   ||S²-S||/dim = 8.90e-05
      周期   4x4x4         dt=0.01    nv=192 nn=384  trS =  129.5376  dim = 129   (trS-dim)/dim = +4.1674e-03   ||S²-S||/dim = 2.18e-05
      周期   4x4x4         dt=0.005   nv=192 nn=384  trS =  129.1344  dim = 129   (trS-dim)/dim = +1.0419e-03   ||S²-S||/dim = 5.44e-06
      → 周期    |r| = 0.01667 / 0.004167 / 0.001042（dt 递减）  幂次 p ≈ 2.00   最小 dt 处 |r| = 1.04e-03
  W5'a FDT 矩阵残差随 dt 单调下降，最小 dt 处 < 2e-3（dt→0 归零） PASS
      壁面   4x4x4         dt=0.02    nv=176 nn=432  trS =  114.2971  dim = 113   (trS-dim)/dim = +1.1479e-02   ||S²-S||/dim = 1.12e-04
      壁面   4x4x4         dt=0.01    nv=176 nn=432  trS =  113.1272  dim = 113   (trS-dim)/dim = +1.1254e-03   ||S²-S||/dim = 6.88e-05
      壁面   4x4x4         dt=0.005   nv=176 nn=432  trS =  112.9332  dim = 113   (trS-dim)/dim = +5.9077e-04   ||S²-S||/dim = 4.14e-05
      → 壁面    |r| = 0.01148 / 0.001125 / 0.0005908（dt 递减）  幂次 p ≈ 2.14   最小 dt 处 |r| = 5.91e-04
  W5'a FDT 矩阵残差随 dt 单调下降，最小 dt 处 < 2e-3（dt→0 归零） PASS

[W5b] 壁面能量均分 + γ≡1 对照 + 周期控制（√2 的判决性判据）
      周期控制 dt=0.002   n=2935  b=2     <Σ|v|²>/(kT·dim) = 0.9827 ± 0.0024  (7.3σ)
      壁面 γ=2 dt=0.002   n=2935  b=16    <Σ|v|²>/(kT·dim) = 0.9750 ± 0.0029  (8.5σ)
      壁面 γ≡1 dt=0.002   n=2935  b=16    <Σ|v|²>/(kT·dim) = 0.9427 ± 0.0028  (20.6σ)
      γ=2 与 γ=1 之差 = +0.0323 ± 0.0040  (8.0σ)；γ=2 更接近 1：是
  W5 对照：γ=2 与 γ=1 显著可分且 γ=2 更接近 1（√2 被数据选中） PASS
      |壁面γ=2 − 周期控制| = 0.0076 ± 0.0038  (2.0σ)
  W5 壁面 γ=2 与周期控制的系统偏差同量级（壁面无额外偏差） PASS

全部通过
=== Phase 7-B 回归汇总 (2026-09-11) ===

--- 周期逐位回归 (smoke.cfg, 5 步) ---
全部逐位相同
--- 壁面逐位重启 (5 步 vs 2+3 步) ---
全部逐位相同

--check 退出码=0
--check-potential 退出码=0
--check-tridiag 退出码=0
--check-poisson 退出码=0
