未指定 init_file，使用内置默认（单粒子放盒心）
外场: (0, 0, -100)   背景补偿 = 0（壁面即动量汇）
开始模拟：32x32x32  N=1  dt=0.002  kT=0.25  W=15.8114  a=3.2  eta_c/eta_l=50  步数 0 -> 100000
step         0   R = (16.3000, 16.7000, 16.5000)   0.0 步/秒
step      5000   R = (16.4149, 16.6168, 13.8008)   977.6 步/秒
step     10000   R = (16.4618, 16.4681, 9.3740)   985.2 步/秒
step     15000   R = (16.4156, 16.5774, 5.1505)   988.0 步/秒
step     20000   R = (16.2551, 16.5654, 3.3926)   989.4 步/秒
step     25000   R = (16.3307, 16.4853, 2.6762)   990.2 步/秒
step     30000   R = (16.2734, 16.3393, 2.1554)   990.6 步/秒
step     35000   R = (16.3004, 16.3131, 1.7832)   990.3 步/秒
step     40000   R = (16.1618, 16.3573, 1.4070)   989.8 步/秒
step     45000   R = (16.1174, 16.3948, 1.1286)   989.8 步/秒
step     50000   R = (15.9779, 16.3655, 0.9111)   989.8 步/秒
step     55000   R = (15.9251, 16.3163, 0.7102)   989.8 步/秒
step     60000   R = (15.8670, 16.3705, 0.4634)   989.7 步/秒
step     65000   R = (15.8282, 16.3921, 0.2753)   989.6 步/秒
step     70000   R = (15.8210, 16.4826, 0.1221)   989.6 步/秒
step     75000   R = (15.8045, 16.5378, -0.0521)   989.7 步/秒
step     80000   R = (15.7813, 16.6787, -0.1986)   990.0 步/秒
step     85000   R = (15.8640, 16.6489, -0.3257)   990.2 步/秒
错误: step 90000 粒子 0 的 Rz = -0.50269 越出允许区间 [-0.5, 31.5]（粒子中心穿墙）。中止（不 clamp）
中止（NaN/发散或粒子穿墙，已落盘）
