=== 测试 3B：粒子能量均分  [frozen] ===
  盒子 32^3   dt = 0.002   kT = 0.25   W = 15.8114   eta_c/eta_l = 50.0   seed = 1
  M_i = 287.6379 (亚格点散布 0.0378%)   目标 <|V|^2> = 1.723038e-03
  最慢模式 tau = 25.9 (12969 步)   弃掉前 64845 步   每 250 步采样 (dt_samp = 0.50)
  采样物理时长 T = 1000   预期样本数 2000
  step        0      0.0 步/秒   样本 0
  step    50000   1130.8 步/秒   样本 0
  step   100000   1129.5 步/秒   样本 141
  step   150000   1126.6 步/秒   样本 341
  step   200000   1124.1 步/秒   样本 541
  step   250000   1125.1 步/秒   样本 741
  step   300000   1125.8 步/秒   样本 941
  step   350000   1126.3 步/秒   样本 1141
  step   400000   1126.8 步/秒   样本 1341
  step   450000   1127.3 步/秒   样本 1541
  step   500000   1127.8 步/秒   样本 1741
  step   550000   1128.1 步/秒   样本 1941

  分块平均（平台是否存在要肉眼判，不是公式判）
     b      n_b        均值          标准误      tau_int(采样数)
       1     2000  1.762519e-03    3.0348e-05        0.50
       2     1000  1.762519e-03    3.2400e-05        0.57
       4      500  1.762519e-03    3.5117e-05        0.67
       8      250  1.762519e-03    3.7208e-05        0.75
      16      125  1.762519e-03    4.0419e-05        0.89
      32       62  1.764810e-03    4.6765e-05        1.19
      64       31  1.764810e-03    5.5875e-05        1.69
     128       15  1.756227e-03    4.7216e-05        1.21
     256        7  1.738933e-03    4.0932e-05        0.91
  ** 找不到平台：误差棒不可信，必须延长模拟。不许降标准接受此结果 **

  <|V|^2> 实测 = 1.738933e-03  +/- 4.09e-05   (2000 样本, 有效独立 0)
  <|V|^2> 目标 = 1.723038e-03   = 2kT/M_i - 2kT/(rho L^3)
  比值 = 1.0092 +/- 0.0238   偏差 +0.92% +/- 2.38%   [0.4 sigma]
  各分量 <V_a^2>/(target/3) = 0.9808 / 1.0056 / 1.0823  (各向同性检查)
  用时 500.8 秒   1128.2 步/秒
  FAIL（无平台）
