########## frozen T=2000 seed=1 ##########
=== 测试 3B：粒子能量均分  [frozen] ===
  盒子 32^3   dt = 0.002   kT = 0.25   W = 15.8114   eta_c/eta_l = 50.0   seed = 1
  M_i = 287.6379 (亚格点散布 0.0378%)   目标 <|V|^2> = 1.723038e-03
  最慢模式 tau = 25.9 (12969 步)   弃掉前 64845 步   每 250 步采样 (dt_samp = 0.50)
  采样物理时长 T = 2000   预期样本数 4000

  分块平均（平台是否存在要肉眼判，不是公式判）
     b      n_b        均值          标准误      tau_int(采样数)
       1     4000  1.731777e-03    2.1765e-05        0.50
       2     2000  1.731777e-03    2.3482e-05        0.58
       4     1000  1.731777e-03    2.5112e-05        0.67
       8      500  1.731777e-03    2.6660e-05        0.75
      16      250  1.731777e-03    2.8062e-05        0.83
      32      125  1.731777e-03    3.0634e-05        0.99
      64       62  1.731651e-03    3.5786e-05        1.35
     128       31  1.731651e-03    3.0198e-05        0.96   <== 平台
     256       15  1.722032e-03    2.8496e-05        0.86
     512        7  1.737752e-03    3.4604e-05        1.26

  <|V|^2> 实测 = 1.731651e-03  +/- 3.02e-05   (4000 样本, 有效独立 31)
  <|V|^2> 目标 = 1.723038e-03   = 2kT/M_i - 2kT/(rho L^3)
  比值 = 1.0050 +/- 0.0175   偏差 +0.50% +/- 1.75%   [0.3 sigma]
  各分量 <V_a^2>/(target/3) = 0.9656 / 1.0164 / 1.0332  (各向同性检查)
  用时 941.1 秒   1131.7 步/秒
  PASS
########## moving T=2000 seed=1 ##########
=== 测试 3B：粒子能量均分  [moving] ===
  盒子 32^3   dt = 0.002   kT = 0.25   W = 15.8114   eta_c/eta_l = 50.0   seed = 1
  M_i = 287.6379 (亚格点散布 0.0378%)   目标 <|V|^2> = 1.723038e-03
  最慢模式 tau = 25.9 (12969 步)   弃掉前 64845 步   每 250 步采样 (dt_samp = 0.50)
  采样物理时长 T = 2000   预期样本数 4000

  分块平均（平台是否存在要肉眼判，不是公式判）
     b      n_b        均值          标准误      tau_int(采样数)
       1     4000  1.673479e-03    2.1505e-05        0.50
       2     2000  1.673479e-03    2.2756e-05        0.56
       4     1000  1.673479e-03    2.4267e-05        0.64
       8      500  1.673479e-03    2.6574e-05        0.76
      16      250  1.673479e-03    2.5759e-05        0.72   <== 平台
      32      125  1.673479e-03    2.5821e-05        0.72
      64       62  1.672039e-03    2.8294e-05        0.87
     128       31  1.672039e-03    3.0868e-05        1.03
     256       15  1.670936e-03    3.2890e-05        1.17
     512        7  1.678456e-03    3.9892e-05        1.72

  <|V|^2> 实测 = 1.673479e-03  +/- 2.58e-05   (4000 样本, 有效独立 250)
  <|V|^2> 目标 = 1.723038e-03   = 2kT/M_i - 2kT/(rho L^3)
  比值 = 0.9712 +/- 0.0149   偏差 -2.88% +/- 1.49%   [1.9 sigma]
  各分量 <V_a^2>/(target/3) = 0.9578 / 0.9779 / 0.9780  (各向同性检查)
  用时 956.0 秒   1114.0 步/秒
  PASS
########## frozen T=2000 seed=2 ##########
=== 测试 3B：粒子能量均分  [frozen] ===
  盒子 32^3   dt = 0.002   kT = 0.25   W = 15.8114   eta_c/eta_l = 50.0   seed = 2
  M_i = 287.6379 (亚格点散布 0.0378%)   目标 <|V|^2> = 1.723038e-03
  最慢模式 tau = 25.9 (12969 步)   弃掉前 64845 步   每 250 步采样 (dt_samp = 0.50)
  采样物理时长 T = 2000   预期样本数 4000

  分块平均（平台是否存在要肉眼判，不是公式判）
     b      n_b        均值          标准误      tau_int(采样数)
       1     4000  1.728830e-03    2.2284e-05        0.50
       2     2000  1.728830e-03    2.4223e-05        0.59
       4     1000  1.728830e-03    2.6190e-05        0.69
       8      500  1.728830e-03    2.8990e-05        0.85
      16      250  1.728830e-03    3.0555e-05        0.94
      32      125  1.728830e-03    3.2842e-05        1.09
      64       62  1.732280e-03    3.4619e-05        1.21
     128       31  1.732280e-03    3.6433e-05        1.34
     256       15  1.731606e-03    3.2256e-05        1.05
     512        7  1.735386e-03    2.5770e-05        0.67
  ** 找不到平台：误差棒不可信，必须延长模拟。不许降标准接受此结果 **

  <|V|^2> 实测 = 1.735386e-03  +/- 2.58e-05   (4000 样本, 有效独立 0)
  <|V|^2> 目标 = 1.723038e-03   = 2kT/M_i - 2kT/(rho L^3)
  比值 = 1.0072 +/- 0.0150   偏差 +0.72% +/- 1.50%   [0.5 sigma]
  各分量 <V_a^2>/(target/3) = 1.0345 / 1.0240 / 0.9515  (各向同性检查)
  用时 946.9 秒   1124.7 步/秒
  FAIL（无平台）
