=== --check ===
=== Phase 1 自检：力守恒 + 亚格点不变性 ===
  R = (64.0, 32.0, 16.0)   |err| = 1.332e-15 / 4.441e-16 / 1.776e-15   PASS
      sum_phi = 170.303632 / 170.303632 / 170.303632   离散度 0.000%   PASS
  R = (64.3, 32.7, 16.5)   |err| = 1.332e-15 / 2.665e-15 / 4.441e-16   PASS
      sum_phi = 170.306086 / 170.306086 / 170.306046   离散度 0.000%   PASS
  R = (64.5, 32.5, 16.5)   |err| = 0.000e+00 / 8.882e-16 / 6.217e-15   PASS
      sum_phi = 170.306695 / 170.306695 / 170.306695   离散度 0.000%   PASS
  交错混叠  Σφ² 三方向散布 = 9.185e-05   PASS
  系统误差下限  M_i 亚格点散布 = 0.0348%   PASS
全部通过

=== Phase 1 自检：多粒子重叠（N=2）===
  间距 4.0 (重叠)   力守恒 |err| = 4.441e-15   V 偏差 = 0.000e+00   eta_max = 90.51   PASS
  间距 6.4 (刚接触)   力守恒 |err| = 3.553e-15   V 偏差 = 0.000e+00   eta_max = 49.95   PASS
  间距 20.0 (分离)   力守恒 |err| = 5.329e-15   V 偏差 = 0.000e+00   eta_max = 49.85   PASS
全部通过

=== J5 端到端力链路 + GPU 力确定性 ===
  GPU vs CPU 对照   max 相对差 = 0.000e+00   PASS
  GPU 算两次逐位   PASS
  力守恒 Σf == ΣF  (bg=0)   |err| = 1.688e-14   PASS
  力守恒 Σf == 0  (bg 补偿)  |err| = 3.697e-14   PASS
全部通过
=== --check-potential ===
=== 势函数自检（纯 CPU，无卡可跑）===
  J1 力=-dU/dr 四阶差分对照 (max 相对差 < 1e-7) PASS
      max 相对差 = 2.341e-12   符号变号 = 是（覆盖到吸引/排斥两侧）
  J1 力=-dU/dr 四阶差分对照 (max 相对差 < 1e-7) PASS
      max 相对差 = 6.149e-12   符号变号 = 是（覆盖到吸引/排斥两侧）
  J1 力=-dU/dr 四阶差分对照 (max 相对差 < 1e-7) PASS
      max 相对差 = 1.123e-11   符号变号 = 是（覆盖到吸引/排斥两侧）
  J2 WCA 黄金表对照                               PASS
      max 相对差 = 1.110e-16   (阈值 1e-12)
  J2 LJ126 黄金表对照                             PASS
      max 相对差 = 8.181e-16   (阈值 1e-12)
  J2 Morse 黄金表对照                             PASS
      max 相对差 = 1.877e-16   (阈值 1e-12)
  J3 最小镜像 vs 5 镜像暴力枚举（1000 对，容差 1e-12*L） PASS
  J4 N=3 等边三角形解析对照（|F_n| 相等且 ΣF=0） PASS
      |F_1|=1.472552e+02  |F_2|=1.472552e+02  |F_3|=1.472552e+02   期望 1.472552e+02
      ΣF = (0.00e+00, 0.00e+00, 0.00e+00)
  J6 Morse: F(r_eq) = 0                                PASS
      U(r_eq) = -49.94996738 (期望 ≈ -49.95，能量移位后)
  J6 WCA: U(rcut) = 0                                  PASS
  J6 WCA: F(rcut) → 0                                PASS
  J6 POT_NONE: F 逐位等于外场，U ≡ 0          PASS
  J6 标号交换对称性（逐位）                 PASS
  ΣF = 0（CPU 参考，N=8）                        PASS
      |ΣF| = 4.019e-14   阈值 3.458e-08

全部通过
=== --check-tridiag ===
=== 泊松三对角自检（纯 CPU，无卡可跑）===
  三对角 Nz=2：Thomas vs 稠密 Gauss（全 12 列）  PASS
      Nz= 2  max 相对差 = 1.807e-16
  三对角 Nz=6：Thomas vs 稠密 Gauss（全 12 列）  PASS
      Nz= 6  max 相对差 = 2.060e-16
  三对角 Nz=32：Thomas vs 稠密 Gauss（全 16 列） PASS
      Nz=32  max 相对差 = 2.041e-16
  三对角 Nz=64：Thomas vs 稠密 Gauss（全 4 列）  PASS
      Nz=64  max 相对差 = 2.843e-16
  奇异列 (0,0) 定规：x_0 ≈ 0 且满足原 Neumann 方程 PASS
      |x_0| = 8.216e-15   |A0 x - b| = 8.216e-15

全部通过
=== --lambda ===
=== FPD 常量表 ===
  a = 3.2000   xi = 1.0000   eta_c/eta_l = 50.0   截断半径 = 8.0   模板盒 17^3

  方向      int(phi)      int(phi^2)    lambda^T      M_i        M_eff
  FACE_X    170.306086    100.841136    1.688855    287.6223    431.4335
  FACE_Y    170.306086    100.841136    1.688855    287.6223    431.4335
  FACE_Z    170.306046    100.831875    1.689010    287.6486    431.4729

  三方向散布   int(phi) 2.348e-07   int(phi^2) 9.185e-05   M_i 9.138e-05
    -> int(phi^2) 的一致性是交错混叠的直接判据（PASS，阈值 1e-4）

  亚格点扫描 4^3 个偏移：M_i = 287.6407   [287.5904, 287.6905]   散布 0.0348%
    -> 这是整个方法的【系统误差下限】（PASS，阈值 1%）

  独立对照（与代码无关）
    连续球坐标积分    int(phi) = 170.3060   int(phi^2) = 100.8345   M_i = 287.6409
    离散 vs 连续      0.0000%          0.0065%           0.0064%

    扩散界面解析展开  int(phi) ~ (4/3)pi a^3 + 8 pi a xi^2 pi^2/24
                             = 137.258 + 33.073 = 170.332   (vs 连续 170.306)
    注意：解析球体 (4/3)pi a^3 = 137.258 比真值小 24.1% ——
          这是【扩散界面的曲率项】，不是格点离散化误差。
          格点本身精确到 4.7e-07 —— 用解析球体算 M_i 才会毁掉验证。
